// 重构日志: a554f246
// 重构日志: f52c1159
// 同步 ID: b6d8e110 @ Mon Jul 27 12:17:27 UTC 2026
// 同步 ID: 7ebd0ec5 @ Mon Jul 27 15:28:48 UTC 2026
// 同步 ID: 9a881350 @ Tue Jul 28 01:09:47 UTC 2026
// 重构日志: ae37f160
// 重构日志: 010d9638
// 同步 ID: 5a961291 @ Thu Jul 30 03:45:33 UTC 2026
// 重构日志: 0ae40b10
// 重构日志: c634529e
// 同步 ID: 9e2f3bc2 @ Fri Jul 31 11:02:18 UTC 2026
// 重构日志: 4e7cd91f
// 重构日志: 6f0a4dc3
// 同步 ID: 0f5147a3 @ Sun Aug  2 00:25:51 UTC 2026
// 重构日志: 99831ef2
// 重构日志: 072d3ffd
// 同步 ID: 236bc5d0 @ Mon Aug  3 08:30:55 UTC 2026
// 同步 ID: 61f863c9 @ Mon Aug  3 12:22:09 UTC 2026
// 同步 ID: 6593f6dc @ Tue Aug  4 18:07:03 UTC 2026
// 重构日志: a9dc2d72
// 重构日志: e9c31e4a
// 重构日志: 5ec5cc2b
// 重构日志: 829ddbd5
// 重构日志: 0ad8dfc7
// 同步 ID: 61612640 @ Fri Aug  7 15:56:50 UTC 2026
// 同步 ID: d7bfec3c @ Fri Aug  7 18:38:16 UTC 2026
// 重构日志: 83ebbb0e
// 重构日志: dbd53389
// 同步 ID: 69776762 @ Sat Aug  8 11:55:32 UTC 2026
// 同步 ID: 6d68ac75 @ Sat Aug  8 13:33:23 UTC 2026
